// Jest Snapshot v1, https://goo.gl/fbAQLP

exports[`should render ExpenseList with empty expenses 1`] = `
<div>
  <h1>
    Expense List
  </h1>
  <p>
    No expenses to show.
  </p>
</div>
`;

exports[`should render ExpenseList with expenses 1`] = `
<div>
  <h1>
    Expense List
  </h1>
  <ExpenseListItem
    amount={321}
    createdAt={0}
    description="Food"
    id="1"
    key="1"
    note=""
  />
  <ExpenseListItem
    amount={1021}
    createdAt={-432000000}
    description="Rent"
    id="2"
    key="2"
    note=""
  />
  <ExpenseListItem
    amount={5311}
    createdAt={432000000}
    description="Credit Card"
    id="3"
    key="3"
    note=""
  />
</div>
`;
