// Jest Snapshot v1, https://goo.gl/fbAQLP

exports[`should render ExpenseListItem with fixture expenses 1`] = `
<div>
  <Link
    to="/edit/1"
  >
    <h3>
      Food
    </h3>
  </Link>
  <p>
    $
    321
    -
  </p>
  <p>
    Created: 
    0
  </p>
</div>
`;
